
> synapse-learning-proxy@0.1.0 test
> vitest run


[7m[1m[36m RUN [39m[22m[27m [36mv1.6.1[39m [90mC:/Users/anast/.cursor/projects/C-Users-anast-AppData-Local-Temp-c2ac0b3d-a59c-4dd0-a69e-116aa07b0c50/synapse-learning/server[39m

node.exe : [90mstderr[2m | src\config.ts:37:11[22m[39m
At line:1 char:1
+ & "C:\Program Files\nodejs/node.exe" "C:\Program Files\nodejs/node_mo ...
+ ~~~~~~~~~~~~~~~~~~~~~~~~~~~~~~~~~~~~~~~~~~~~~~~~~~~~~~~~~~~~~~~~~~~~~
    + CategoryInfo          : NotSpecified: ([90mstderr[2m...37:11[22m[39m:String) [], RemoteException
    + FullyQualifiedErrorId : NativeCommandError
 
[config] OPENAI_API_KEY is not set έΑΦ upstream calls will fail until it is configured.

 [33mέζψ[39m src/test/integration.test.ts [2m ([22m[2m5 tests[22m[2m)[22m[90m 28[2mms[22m[39m

[31mέΟψέΟψέΟψέΟψέΟψέΟψ[1m[7m Failed Suites 1 [27m[22mέΟψέΟψέΟψέΟψέΟψέΟψέΟψ[39m

[31m[1m[7m FAIL [27m[22m[39m src/test/integration.test.ts[2m > [22mserver integration sweep
[31m[1mError[22m: SASL: SCRAM-SERVER-FIRST-MESSAGE: client password must be a string[39m
[90m [2mέζψ[22m Object.continueSession node_modules/pg/lib/crypto/sasl.js:[2m67:11[22m[39m
[90m [2mέζψ[22m Client._handleAuthSASLContinue node_modules/pg/lib/client.js:[2m342:18[22m[39m
[90m [2mέζψ[22m Connection.emit node:events:[2m508:28[22m[39m
[90m [2mέζψ[22m node_modules/pg/lib/connection.js:[2m136:12[22m[39m
[90m [2mέζψ[22m Parser.parse node_modules/pg-protocol/src/parser.ts:[2m106:9[22m[39m
[90m [2mέζψ[22m Socket.<anonymous> node_modules/pg-protocol/src/index.ts:[2m7:48[22m[39m
[90m [2mέζψ[22m Socket.emit node:events:[2m508:28[22m[39m

[31m[2mέΟψέΟψέΟψέΟψέΟψέΟψέΟψέΟψέΟψέΟψέΟψέΟψέΟψέΟψέΟψέΟψέΟψέΟψέΟψέΟψέΟψέΟψέΟψέΟψ[1/1]έΟψ[22m[39m

[2m Test Files [22m [1m[31m1 failed[39m[22m[90m (1)[39m
[2m      Tests [22m [90m (5)[39m
[2m   Start at [22m 22:52:11
[2m   Duration [22m 862ms[2m (transform 65ms, setup 0ms, collect 243ms, tests 28ms, environment 0ms, prepare 189ms)[22m

